Archive member included because of file (symbol)

c:/program files/armdevenv/bin/../lib/gcc/arm-elf/4.2.2\libgcc.a(_udivsi3.o)
                              ./lib/uart.o (__udivsi3)
c:/program files/armdevenv/bin/../lib/gcc/arm-elf/4.2.2\libgcc.a(_umodsi3.o)
                              ./lib/uart.o (__umodsi3)
c:/program files/armdevenv/bin/../lib/gcc/arm-elf/4.2.2\libgcc.a(_dvmd_tls.o)
                              c:/program files/armdevenv/bin/../lib/gcc/arm-elf/4.2.2\libgcc.a(_udivsi3.o) (__div0)
c:/program files/armdevenv/bin/../lib/gcc/arm-elf/4.2.2/../../../../arm-elf/lib\libc.a(lib_a-memcpy.o)
                              ./lib/uart_usb.o (memcpy)

Allocating common symbols
Common symbol       size              file

temp                0x4               C:\Users\Robin\AppData\Local\Temp/ccUIDLik.o
RC5_flag            0x1               ./lib/RC5.o
RC5_System          0x1               ./lib/RC5.o
bootloader_entry    0x4               C:\Users\Robin\AppData\Local\Temp/ccUIDLik.o
RC5_Command         0x1               ./lib/RC5.o

Memory Configuration

Name             Origin             Length             Attributes
rom              0x00000000         0x0007e000
ram              0x40000000         0x00008000
*default*        0x00000000         0xffffffff

Linker script and memory map

LOAD crt0.o
                0x00008000                __ram_size__ = 0x8000
                0x00000100                __STACK_SIZE_FIQ__ = 0x100
                0x00000100                __STACK_SIZE_IRQ__ = 0x100
                0x00000004                __STACK_SIZE_SUPERVISOR__ = 0x4
                0x00000004                __STACK_SIZE_ABORT__ = 0x4
                0x00000004                __STACK_SIZE_UNDEFINED__ = 0x4
                0x40007df0                __stack_end__ = (((((((0x40000000 + __ram_size__) - 0x4) - __STACK_SIZE_FIQ__) - __STACK_SIZE_IRQ__) - __STACK_SIZE_SUPERVISOR__) - __STACK_SIZE_ABORT__) - __STACK_SIZE_UNDEFINED__)
                0x40007df4                __stack_end_undefined__ = ((((((0x40000000 + __ram_size__) - 0x4) - __STACK_SIZE_FIQ__) - __STACK_SIZE_IRQ__) - __STACK_SIZE_SUPERVISOR__) - __STACK_SIZE_ABORT__)
                0x40007df8                __stack_end_abort__ = (((((0x40000000 + __ram_size__) - 0x4) - __STACK_SIZE_FIQ__) - __STACK_SIZE_IRQ__) - __STACK_SIZE_SUPERVISOR__)
                0x40007dfc                __stack_end_supervisor__ = ((((0x40000000 + __ram_size__) - 0x4) - __STACK_SIZE_FIQ__) - __STACK_SIZE_IRQ__)
                0x40007efc                __stack_end_irq__ = (((0x40000000 + __ram_size__) - 0x4) - __STACK_SIZE_FIQ__)
                0x40007ffc                __stack_end_fiq__ = ((0x40000000 + __ram_size__) - 0x4)
                0x00000000                . = 0x0

startup         0x00000000       0x3c
 *(.startup)
 .startup       0x00000000       0x3c crt0.o

.text           0x0000003c     0x2b40
 *(EXCLUDE_FILE(*text.iwram*) .text)
 .text          0x0000003c      0x158 crt0.o
                0x000000f0                __disable_interrupts
                0x00000100                __enable_interrupts
                0x0000003c                _start
                0x000000ec                endless_loop
 .text          0x00000194      0x234 ./lib/exceptions.o
                0x00000398                __HaltSwi
                0x000003b0                __HaltUndef
                0x000001b8                __HaltVICerr
                0x00000338                __HaltIrq
                0x00000368                __HaltDabort
                0x00000194                __HaltExit
                0x00000380                __HaltPabort
                0x00000350                __HaltFiq
 .text          0x000003c8      0x14c ./lib/buzzer.o
                0x000003c8                buzzer_init
                0x000003f0                beep
                0x0000047c                buzzer_put
 .text          0x00000514       0x68 ./lib/pll.o
                0x00000514                PLL_init
 .text          0x0000057c      0x204 ./lib/uart.o
                0x000006a4                UART_get
                0x00000648                UART_putbin
                0x000005d0                UART_put
                0x00000628                UART_putchar
                0x00000770                UART_puthex
                0x0000057c                UART_init
                0x00000778                UART_putint
 .text          0x00000780      0x100 ./lib/delay.o
                0x00000780                delay_us
                0x000007d0                delay_ms
                0x00000828                delay_s
 .text          0x00000880      0x110 ./lib/print.o
                0x00000884                print
                0x00000880                print_init
 .text          0x00000990      0x1fc ./lib/usbcontrol.o
                0x00000a38                USBHandleControlTransfer
                0x000009c4                USBRegisterRequestHandler
 .text          0x00000b8c      0x524 ./lib/usbhw_lpc.o
                0x00000e28                USBHwEPRead
                0x00000ed4                USBHwISR
                0x00000da4                USBHwEPWrite
                0x00000c50                USBHwEPConfig
                0x00000d38                USBHwSetAddress
                0x00000d48                USBHwConnect
                0x00000d84                USBHwEPStall
                0x00000cf0                USBHwRegisterDevIntHandler
                0x00000ca8                USBHwRegisterEPIntHandler
                0x00000ec4                USBHwConfigDevice
                0x00000d58                USBHwNakIntEnable
                0x00000ff4                USBHwInit
                0x00000d14                USBHwRegisterFrameHandler
                0x00000d64                USBHwEPGetStatus
 .text          0x000010b0       0x70 ./lib/usbinit.o
                0x000010b4                USBInit
 .text          0x00001120      0x32c ./lib/usbstdreq.o
                0x00001130                USBGetDescriptor
                0x000011b0                USBRegisterCustomReqHandler
                0x00001120                USBRegisterDescriptors
                0x000011c0                USBHandleStandardRequest
 .text          0x0000144c      0x424 ./lib/printf_usb.o
                0x0000183c                usb_printf
 .text          0x00001870      0x378 ./lib/uart_usb.o
                0x0000189c                VCOM_putchar
                0x000018c4                USB_UART_Init
                0x00001870                VCOM_getchar
 .text          0x00001be8      0x330 ./lib/kaku.o
                0x00001ee0                outputKakuRFSignal
                0x00001c20                send_bit
                0x00001cac                outputKakuRFSignalSeq
                0x00001be8                kaku_init
                0x00001ddc                outputKakuRFSignal2
 .text          0x00001f18      0x528 ./lib/RC5.o
                0x00002124                IR_TX_data
                0x00001f18                RC5_Init
                0x00002094                RC5_TX
                0x00001fac                IR_TX
 .text          0x00002440      0x128 ./src/main.o
                0x00002440                main
 .text          0x00002568      0x158 C:\Users\Robin\AppData\Local\Temp/ccUIDLik.o
                0x00002568                enter_ISP
 .text          0x000026c0      0x234 ./src/serial_fifo.o
                0x0000287c                fifo_avail
                0x00002708                fifo_put
                0x000026c0                fifo_init
                0x000027c0                fifo_get
                0x000028e4                fifo_free
 .text          0x000028f4      0x110 c:/program files/armdevenv/bin/../lib/gcc/arm-elf/4.2.2\libgcc.a(_udivsi3.o)
                0x000028f4                __udivsi3
                0x000028f4                __aeabi_uidiv
                0x000029ec                __aeabi_uidivmod
 .text          0x00002a04       0xcc c:/program files/armdevenv/bin/../lib/gcc/arm-elf/4.2.2\libgcc.a(_umodsi3.o)
                0x00002a04                __umodsi3
 .text          0x00002ad0        0x4 c:/program files/armdevenv/bin/../lib/gcc/arm-elf/4.2.2\libgcc.a(_dvmd_tls.o)
                0x00002ad0                __aeabi_ldiv0
                0x00002ad0                __div0
                0x00002ad0                __aeabi_idiv0
 .text          0x00002ad4       0xa8 c:/program files/armdevenv/bin/../lib/gcc/arm-elf/4.2.2/../../../../arm-elf/lib\libc.a(lib_a-memcpy.o)
                0x00002ad4                memcpy
 *(.text.*)
 *(.stub)
 *(.gnu.warning)
 *(.gnu.linkonce.t*)
 *(.glue_7 .glue_7t)
 .glue_7        0x00002b7c        0x0 crt0.o
 .glue_7t       0x00002b7c        0x0 crt0.o
 .glue_7        0x00002b7c        0x0 ./lib/exceptions.o
 .glue_7t       0x00002b7c        0x0 ./lib/exceptions.o
 .glue_7        0x00002b7c        0x0 ./lib/buzzer.o
 .glue_7t       0x00002b7c        0x0 ./lib/buzzer.o
 .glue_7        0x00002b7c        0x0 ./lib/pll.o
 .glue_7t       0x00002b7c        0x0 ./lib/pll.o
 .glue_7        0x00002b7c        0x0 ./lib/uart.o
 .glue_7t       0x00002b7c        0x0 ./lib/uart.o
 .glue_7        0x00002b7c        0x0 ./lib/delay.o
 .glue_7t       0x00002b7c        0x0 ./lib/delay.o
 .glue_7        0x00002b7c        0x0 ./lib/print.o
 .glue_7t       0x00002b7c        0x0 ./lib/print.o
 .glue_7        0x00002b7c        0x0 ./lib/usbcontrol.o
 .glue_7t       0x00002b7c        0x0 ./lib/usbcontrol.o
 .glue_7        0x00002b7c        0x0 ./lib/usbhw_lpc.o
 .glue_7t       0x00002b7c        0x0 ./lib/usbhw_lpc.o
 .glue_7        0x00002b7c        0x0 ./lib/usbinit.o
 .glue_7t       0x00002b7c        0x0 ./lib/usbinit.o
 .glue_7        0x00002b7c        0x0 ./lib/usbstdreq.o
 .glue_7t       0x00002b7c        0x0 ./lib/usbstdreq.o
 .glue_7        0x00002b7c        0x0 ./lib/printf_usb.o
 .glue_7t       0x00002b7c        0x0 ./lib/printf_usb.o
 .glue_7        0x00002b7c        0x0 ./lib/uart_usb.o
 .glue_7t       0x00002b7c        0x0 ./lib/uart_usb.o
 .glue_7        0x00002b7c        0x0 ./lib/kaku.o
 .glue_7t       0x00002b7c        0x0 ./lib/kaku.o
 .glue_7        0x00002b7c        0x0 ./lib/RC5.o
 .glue_7t       0x00002b7c        0x0 ./lib/RC5.o
 .glue_7        0x00002b7c        0x0 ./src/main.o
 .glue_7t       0x00002b7c        0x0 ./src/main.o
 .glue_7        0x00002b7c        0x0 C:\Users\Robin\AppData\Local\Temp/ccUIDLik.o
 .glue_7t       0x00002b7c        0x0 C:\Users\Robin\AppData\Local\Temp/ccUIDLik.o
 .glue_7        0x00002b7c        0x0 ./src/serial_fifo.o
 .glue_7t       0x00002b7c        0x0 ./src/serial_fifo.o
 .glue_7        0x00002b7c        0x0 c:/program files/armdevenv/bin/../lib/gcc/arm-elf/4.2.2\libgcc.a(_udivsi3.o)
 .glue_7t       0x00002b7c        0x0 c:/program files/armdevenv/bin/../lib/gcc/arm-elf/4.2.2\libgcc.a(_udivsi3.o)
 .glue_7        0x00002b7c        0x0 c:/program files/armdevenv/bin/../lib/gcc/arm-elf/4.2.2\libgcc.a(_umodsi3.o)
 .glue_7t       0x00002b7c        0x0 c:/program files/armdevenv/bin/../lib/gcc/arm-elf/4.2.2\libgcc.a(_umodsi3.o)
 .glue_7        0x00002b7c        0x0 c:/program files/armdevenv/bin/../lib/gcc/arm-elf/4.2.2\libgcc.a(_dvmd_tls.o)
 .glue_7t       0x00002b7c        0x0 c:/program files/armdevenv/bin/../lib/gcc/arm-elf/4.2.2\libgcc.a(_dvmd_tls.o)
 .glue_7        0x00002b7c        0x0 c:/program files/armdevenv/bin/../lib/gcc/arm-elf/4.2.2/../../../../arm-elf/lib\libc.a(lib_a-memcpy.o)
 .glue_7t       0x00002b7c        0x0 c:/program files/armdevenv/bin/../lib/gcc/arm-elf/4.2.2/../../../../arm-elf/lib\libc.a(lib_a-memcpy.o)
                0x00002b7c                . = ALIGN (0x4)

.vfp11_veneer   0x00000000        0x0
 .vfp11_veneer  0x00000000        0x0 crt0.o
 .vfp11_veneer  0x00000000        0x0 ./lib/exceptions.o
 .vfp11_veneer  0x00000000        0x0 ./lib/buzzer.o
 .vfp11_veneer  0x00000000        0x0 ./lib/pll.o
 .vfp11_veneer  0x00000000        0x0 ./lib/uart.o
 .vfp11_veneer  0x00000000        0x0 ./lib/delay.o
 .vfp11_veneer  0x00000000        0x0 ./lib/print.o
 .vfp11_veneer  0x00000000        0x0 ./lib/usbcontrol.o
 .vfp11_veneer  0x00000000        0x0 ./lib/usbhw_lpc.o
 .vfp11_veneer  0x00000000        0x0 ./lib/usbinit.o
 .vfp11_veneer  0x00000000        0x0 ./lib/usbstdreq.o
 .vfp11_veneer  0x00000000        0x0 ./lib/printf_usb.o
 .vfp11_veneer  0x00000000        0x0 ./lib/uart_usb.o
 .vfp11_veneer  0x00000000        0x0 ./lib/kaku.o
 .vfp11_veneer  0x00000000        0x0 ./lib/RC5.o
 .vfp11_veneer  0x00000000        0x0 ./src/main.o
 .vfp11_veneer  0x00000000        0x0 C:\Users\Robin\AppData\Local\Temp/ccUIDLik.o
 .vfp11_veneer  0x00000000        0x0 ./src/serial_fifo.o
 .vfp11_veneer  0x00000000        0x0 c:/program files/armdevenv/bin/../lib/gcc/arm-elf/4.2.2\libgcc.a(_udivsi3.o)
 .vfp11_veneer  0x00000000        0x0 c:/program files/armdevenv/bin/../lib/gcc/arm-elf/4.2.2\libgcc.a(_umodsi3.o)
 .vfp11_veneer  0x00000000        0x0 c:/program files/armdevenv/bin/../lib/gcc/arm-elf/4.2.2\libgcc.a(_dvmd_tls.o)
 .vfp11_veneer  0x00000000        0x0 c:/program files/armdevenv/bin/../lib/gcc/arm-elf/4.2.2/../../../../arm-elf/lib\libc.a(lib_a-memcpy.o)

.rodata         0x00002b7c      0x3a4
 *(.rodata)
 .rodata        0x00002b7c       0x10 ./lib/uart.o
 .rodata        0x00002b8c       0x98 ./lib/uart_usb.o
 *all.rodata*(*)
 *(.roda)
 *(.rodata.*)
 .rodata.str1.4
                0x00002c24      0x1f8 ./lib/exceptions.o
 .rodata.str1.4
                0x00002e1c        0x7 ./lib/printf_usb.o
                                  0x8 (size before relaxing)
 *fill*         0x00002e23        0x1 00
 .rodata.str1.4
                0x00002e24       0xfc ./lib/uart_usb.o
 *(.gnu.linkonce.r*)
                0x00002f20                . = ALIGN (0x4)
                0x00002f20                __ro_end = .

.data           0x40000000        0x8 load address 0x00002f20
                0x40000000                __data_beg__ = .
                0x00002f20                __data_beg_src__ = __ro_end
 *(.data)
 .data          0x40000000        0x0 crt0.o
 .data          0x40000000        0x0 ./lib/exceptions.o
 .data          0x40000000        0x0 ./lib/buzzer.o
 .data          0x40000000        0x0 ./lib/pll.o
 .data          0x40000000        0x0 ./lib/uart.o
 .data          0x40000000        0x0 ./lib/delay.o
 .data          0x40000000        0x0 ./lib/print.o
 .data          0x40000000        0x0 ./lib/usbcontrol.o
 .data          0x40000000        0x0 ./lib/usbhw_lpc.o
 .data          0x40000000        0x0 ./lib/usbinit.o
 .data          0x40000000        0x0 ./lib/usbstdreq.o
 .data          0x40000000        0x0 ./lib/printf_usb.o
 .data          0x40000000        0x7 ./lib/uart_usb.o
 .data          0x40000007        0x0 ./lib/kaku.o
 .data          0x40000007        0x0 ./lib/RC5.o
 .data          0x40000007        0x0 ./src/main.o
 .data          0x40000007        0x0 C:\Users\Robin\AppData\Local\Temp/ccUIDLik.o
 .data          0x40000007        0x0 ./src/serial_fifo.o
 .data          0x40000007        0x0 c:/program files/armdevenv/bin/../lib/gcc/arm-elf/4.2.2\libgcc.a(_udivsi3.o)
 .data          0x40000007        0x0 c:/program files/armdevenv/bin/../lib/gcc/arm-elf/4.2.2\libgcc.a(_umodsi3.o)
 .data          0x40000007        0x0 c:/program files/armdevenv/bin/../lib/gcc/arm-elf/4.2.2\libgcc.a(_dvmd_tls.o)
 .data          0x40000007        0x0 c:/program files/armdevenv/bin/../lib/gcc/arm-elf/4.2.2/../../../../arm-elf/lib\libc.a(lib_a-memcpy.o)
 *(.data.*)
 *(.gnu.linkonce.d*)
                0x40000008                . = ALIGN (0x4)
 *fill*         0x40000007        0x1 00
                0x40000008                __data_end__ = .

.bss            0x40000008      0x20c
                0x40000008                __bss_beg__ = .
 *(.bss)
 .bss           0x40000008        0x0 crt0.o
 .bss           0x40000008        0x0 ./lib/exceptions.o
 .bss           0x40000008        0x0 ./lib/buzzer.o
 .bss           0x40000008        0x0 ./lib/pll.o
 .bss           0x40000008        0x0 ./lib/uart.o
 .bss           0x40000008        0x0 ./lib/delay.o
 .bss           0x40000008        0x0 ./lib/print.o
 .bss           0x40000008       0x34 ./lib/usbcontrol.o
 .bss           0x4000003c       0x48 ./lib/usbhw_lpc.o
 .bss           0x40000084        0x8 ./lib/usbinit.o
 .bss           0x4000008c        0xc ./lib/usbstdreq.o
 .bss           0x40000098        0x0 ./lib/printf_usb.o
 .bss           0x40000098      0x160 ./lib/uart_usb.o
 .bss           0x400001f8        0x0 ./lib/kaku.o
 .bss           0x400001f8       0x10 ./lib/RC5.o
 .bss           0x40000208        0x0 ./src/main.o
 .bss           0x40000208        0x0 C:\Users\Robin\AppData\Local\Temp/ccUIDLik.o
 .bss           0x40000208        0x0 ./src/serial_fifo.o
 .bss           0x40000208        0x0 c:/program files/armdevenv/bin/../lib/gcc/arm-elf/4.2.2\libgcc.a(_udivsi3.o)
 .bss           0x40000208        0x0 c:/program files/armdevenv/bin/../lib/gcc/arm-elf/4.2.2\libgcc.a(_umodsi3.o)
 .bss           0x40000208        0x0 c:/program files/armdevenv/bin/../lib/gcc/arm-elf/4.2.2\libgcc.a(_dvmd_tls.o)
 .bss           0x40000208        0x0 c:/program files/armdevenv/bin/../lib/gcc/arm-elf/4.2.2/../../../../arm-elf/lib\libc.a(lib_a-memcpy.o)
                0x40000208                . = ALIGN (0x4)
 COMMON         0x40000208        0x3 ./lib/RC5.o
                0x40000208                RC5_flag
                0x40000209                RC5_System
                0x4000020a                RC5_Command
 *fill*         0x4000020b        0x1 00
 COMMON         0x4000020c        0x8 C:\Users\Robin\AppData\Local\Temp/ccUIDLik.o
                0x4000020c                temp
                0x40000210                bootloader_entry
                0x40000214                . = ALIGN (0x4)
                0x40000214                _end = .
                0x40000214                _bss_end__ = .
                0x40000214                __bss_end__ = .
                0x40000214                __end__ = .
                0x40000214                PROVIDE (end, .)
LOAD ./lib/exceptions.o
LOAD ./lib/buzzer.o
LOAD ./lib/pll.o
LOAD ./lib/uart.o
LOAD ./lib/delay.o
LOAD ./lib/print.o
LOAD ./lib/usbcontrol.o
LOAD ./lib/usbhw_lpc.o
LOAD ./lib/usbinit.o
LOAD ./lib/usbstdreq.o
LOAD ./lib/printf_usb.o
LOAD ./lib/uart_usb.o
LOAD ./lib/kaku.o
LOAD ./lib/RC5.o
LOAD ./src/main.o
LOAD C:\Users\Robin\AppData\Local\Temp/ccUIDLik.o
LOAD ./src/serial_fifo.o
START GROUP
LOAD c:/program files/armdevenv/bin/../lib/gcc/arm-elf/4.2.2\libgcc.a
LOAD c:/program files/armdevenv/bin/../lib/gcc/arm-elf/4.2.2/../../../../arm-elf/lib\libc.a
END GROUP
OUTPUT(TEMPLATE.elf elf32-littlearm)

.ARM.attributes
                0x00000000       0x10
 .ARM.attributes
                0x00000000       0x10 crt0.o
 .ARM.attributes
                0x00000010       0x10 ./lib/exceptions.o
 .ARM.attributes
                0x00000020       0x10 ./lib/buzzer.o
 .ARM.attributes
                0x00000030       0x10 ./lib/pll.o
 .ARM.attributes
                0x00000040       0x10 ./lib/uart.o
 .ARM.attributes
                0x00000050       0x10 ./lib/delay.o
 .ARM.attributes
                0x00000060       0x10 ./lib/print.o
 .ARM.attributes
                0x00000070       0x10 ./lib/usbcontrol.o
 .ARM.attributes
                0x00000080       0x10 ./lib/usbhw_lpc.o
 .ARM.attributes
                0x00000090       0x10 ./lib/usbinit.o
 .ARM.attributes
                0x000000a0       0x10 ./lib/usbstdreq.o
 .ARM.attributes
                0x000000b0       0x10 ./lib/printf_usb.o
 .ARM.attributes
                0x000000c0       0x10 ./lib/uart_usb.o
 .ARM.attributes
                0x000000d0       0x10 ./lib/kaku.o
 .ARM.attributes
                0x000000e0       0x10 ./lib/RC5.o
 .ARM.attributes
                0x000000f0       0x10 ./src/main.o
 .ARM.attributes
                0x00000100       0x10 C:\Users\Robin\AppData\Local\Temp/ccUIDLik.o
 .ARM.attributes
                0x00000110       0x10 ./src/serial_fifo.o
 .ARM.attributes
                0x00000120       0x10 c:/program files/armdevenv/bin/../lib/gcc/arm-elf/4.2.2\libgcc.a(_udivsi3.o)
 .ARM.attributes
                0x00000130       0x10 c:/program files/armdevenv/bin/../lib/gcc/arm-elf/4.2.2\libgcc.a(_umodsi3.o)
 .ARM.attributes
                0x00000140       0x10 c:/program files/armdevenv/bin/../lib/gcc/arm-elf/4.2.2\libgcc.a(_dvmd_tls.o)
 .ARM.attributes
                0x00000150       0x10 c:/program files/armdevenv/bin/../lib/gcc/arm-elf/4.2.2/../../../../arm-elf/lib\libc.a(lib_a-memcpy.o)

.comment        0x00000000      0x144
 .comment       0x00000000       0x12 ./lib/exceptions.o
 .comment       0x00000012       0x12 ./lib/buzzer.o
 .comment       0x00000024       0x12 ./lib/pll.o
 .comment       0x00000036       0x12 ./lib/uart.o
 .comment       0x00000048       0x12 ./lib/delay.o
 .comment       0x0000005a       0x12 ./lib/print.o
 .comment       0x0000006c       0x12 ./lib/usbcontrol.o
 .comment       0x0000007e       0x12 ./lib/usbhw_lpc.o
 .comment       0x00000090       0x12 ./lib/usbinit.o
 .comment       0x000000a2       0x12 ./lib/usbstdreq.o
 .comment       0x000000b4       0x12 ./lib/printf_usb.o
 .comment       0x000000c6       0x12 ./lib/uart_usb.o
 .comment       0x000000d8       0x12 ./lib/kaku.o
 .comment       0x000000ea       0x12 ./lib/RC5.o
 .comment       0x000000fc       0x12 ./src/main.o
 .comment       0x0000010e       0x12 C:\Users\Robin\AppData\Local\Temp/ccUIDLik.o
 .comment       0x00000120       0x12 ./src/serial_fifo.o
 .comment       0x00000132       0x12 c:/program files/armdevenv/bin/../lib/gcc/arm-elf/4.2.2/../../../../arm-elf/lib\libc.a(lib_a-memcpy.o)

.debug_frame    0x00000000       0x78
 .debug_frame   0x00000000       0x28 c:/program files/armdevenv/bin/../lib/gcc/arm-elf/4.2.2\libgcc.a(_udivsi3.o)
 .debug_frame   0x00000028       0x28 c:/program files/armdevenv/bin/../lib/gcc/arm-elf/4.2.2\libgcc.a(_umodsi3.o)
 .debug_frame   0x00000050       0x28 c:/program files/armdevenv/bin/../lib/gcc/arm-elf/4.2.2/../../../../arm-elf/lib\libc.a(lib_a-memcpy.o)

.debug_line     0x00000000      0x23e
 .debug_line    0x00000000       0x89 c:/program files/armdevenv/bin/../lib/gcc/arm-elf/4.2.2\libgcc.a(_udivsi3.o)
 .debug_line    0x00000089       0x72 c:/program files/armdevenv/bin/../lib/gcc/arm-elf/4.2.2\libgcc.a(_umodsi3.o)
 .debug_line    0x000000fb       0x5d c:/program files/armdevenv/bin/../lib/gcc/arm-elf/4.2.2\libgcc.a(_dvmd_tls.o)
 .debug_line    0x00000158       0xe6 c:/program files/armdevenv/bin/../lib/gcc/arm-elf/4.2.2/../../../../arm-elf/lib\libc.a(lib_a-memcpy.o)

.debug_info     0x00000000      0x27c
 .debug_info    0x00000000       0x7a c:/program files/armdevenv/bin/../lib/gcc/arm-elf/4.2.2\libgcc.a(_udivsi3.o)
 .debug_info    0x0000007a       0x7a c:/program files/armdevenv/bin/../lib/gcc/arm-elf/4.2.2\libgcc.a(_umodsi3.o)
 .debug_info    0x000000f4       0x7a c:/program files/armdevenv/bin/../lib/gcc/arm-elf/4.2.2\libgcc.a(_dvmd_tls.o)
 .debug_info    0x0000016e      0x10e c:/program files/armdevenv/bin/../lib/gcc/arm-elf/4.2.2/../../../../arm-elf/lib\libc.a(lib_a-memcpy.o)

.debug_abbrev   0x00000000       0xd5
 .debug_abbrev  0x00000000       0x14 c:/program files/armdevenv/bin/../lib/gcc/arm-elf/4.2.2\libgcc.a(_udivsi3.o)
 .debug_abbrev  0x00000014       0x14 c:/program files/armdevenv/bin/../lib/gcc/arm-elf/4.2.2\libgcc.a(_umodsi3.o)
 .debug_abbrev  0x00000028       0x14 c:/program files/armdevenv/bin/../lib/gcc/arm-elf/4.2.2\libgcc.a(_dvmd_tls.o)
 .debug_abbrev  0x0000003c       0x99 c:/program files/armdevenv/bin/../lib/gcc/arm-elf/4.2.2/../../../../arm-elf/lib\libc.a(lib_a-memcpy.o)

.debug_aranges  0x00000000       0x80
 .debug_aranges
                0x00000000       0x20 c:/program files/armdevenv/bin/../lib/gcc/arm-elf/4.2.2\libgcc.a(_udivsi3.o)
 .debug_aranges
                0x00000020       0x20 c:/program files/armdevenv/bin/../lib/gcc/arm-elf/4.2.2\libgcc.a(_umodsi3.o)
 .debug_aranges
                0x00000040       0x20 c:/program files/armdevenv/bin/../lib/gcc/arm-elf/4.2.2\libgcc.a(_dvmd_tls.o)
 .debug_aranges
                0x00000060       0x20 c:/program files/armdevenv/bin/../lib/gcc/arm-elf/4.2.2/../../../../arm-elf/lib\libc.a(lib_a-memcpy.o)

.debug_loc      0x00000000      0x104
 .debug_loc     0x00000000      0x104 c:/program files/armdevenv/bin/../lib/gcc/arm-elf/4.2.2/../../../../arm-elf/lib\libc.a(lib_a-memcpy.o)

.debug_pubnames
                0x00000000       0x1d
 .debug_pubnames
                0x00000000       0x1d c:/program files/armdevenv/bin/../lib/gcc/arm-elf/4.2.2/../../../../arm-elf/lib\libc.a(lib_a-memcpy.o)

.debug_str      0x00000000       0xdb
 .debug_str     0x00000000       0xdb c:/program files/armdevenv/bin/../lib/gcc/arm-elf/4.2.2/../../../../arm-elf/lib\libc.a(lib_a-memcpy.o)
